// Jest Snapshot v1, https://goo.gl/fbAQLP

exports[`jest-expect-message should fail with custom message 1`] = `
"Custom message:
  Woah this should be false!

<dim>expect(</intensity><red>received</color><dim>).</intensity>toBeTruthy<dim>()</intensity>

Received: <red>false</color>"
`;

exports[`jest-expect-message should fail with custom message for async test 1`] = `
"Custom message:
  hello

<dim>expect(</intensity><red>received</color><dim>).</intensity>rejects<dim>.</intensity>toBe<dim>(</intensity><green>expected</color><dim>) // Object.is equality</intensity>

Expected: <green>false</color>
Received: <red>true</color>"
`;

exports[`jest-expect-message should fail without custom message 1`] = `
"<dim>expect(</intensity><red>received</color><dim>).</intensity>toBeTruthy<dim>()</intensity>

Received: <red>false</color>"
`;

exports[`jest-expect-message supports custom matchers registered after jest-expect-message allows new custom matchers to use custom messages 1`] = `
"Custom message:
  100 % 3 === 1

expected 100 to be divisible by 3"
`;

exports[`jest-expect-message supports custom matchers registered after jest-expect-message allows new custom matchers to use custom messages 2`] = `
"Custom message:
  101 % 1 === 0

expected 101 not to be divisible by 1"
`;
